// Jest Snapshot v1, https://goo.gl/fbAQLP

exports[`Applications Undefined application, should throw error 1`] = `
Array [
  Object {
    "errorType": 2,
    "filePath": "[PATH]",
    "message": "Application with nope does not exist",
    "pos": Object {
      "end": Object {
        "absolute": 10,
        "column": 10,
        "line": 2,
      },
      "start": Object {
        "absolute": 1,
        "column": 1,
        "line": 2,
      },
    },
    "severity": "ERROR",
  },
  Object {
    "errorType": 5,
    "filePath": "[PATH]",
    "message": "Index -1 is out of range application letters",
    "pos": Object {
      "end": Object {
        "absolute": 10,
        "column": 10,
        "line": 2,
      },
      "start": Object {
        "absolute": 1,
        "column": 1,
        "line": 2,
      },
    },
    "severity": "WARNING",
  },
]
`;

exports[`Applications Undefined application, should throw error 2`] = `
"Ъ
"
`;

exports[`Applications Unused application, should throw error 1`] = `
Array [
  Object {
    "errorType": 2,
    "filePath": "[PATH]",
    "message": "Unused application label code-full",
    "pos": Object {
      "end": Object {
        "absolute": 56,
        "column": 56,
        "line": 2,
      },
      "start": Object {
        "absolute": 1,
        "column": 1,
        "line": 2,
      },
    },
    "severity": "WARNING",
  },
]
`;

exports[`Applications Unused application, should throw error 2`] = `""`;

exports[`Applications with list 1`] = `
"\\\\section{\\\\uppercase{Header}}

Code from application А describes image from application Б.

See application В.

\\\\section{\\\\uppercase{Applications}}

\\\\pagebreak
\\\\section{\\\\uppercase{Приложение А}}

\\\\sectionbutitiscentered{Листинг кода из файла template-full2.py}

\\\\fontsize{\\\\applicationcodefontsize}{\\\\applicationcodefontsize}\\\\selectfont

\\\\inputminted[baselinestretch=\\\\applicationcodelineheight]{python}{./assets/code/template-full2.py}

\\\\fontsize{\\\\defaultfontsize}{\\\\defaultfontsize}\\\\selectfont

\\\\pagebreak
\\\\begin{landscape}
    \\\\thispagestyle{empty}
    \\\\section{\\\\uppercase{Приложение Б}}

    \\\\sectionbutitiscentered{Large scheme}

    \\\\begin{center}
    \\\\includegraphics[height=13.8cm]{./assets/img/circuit.png}
    \\\\end{center}

    \\\\vfill
    \\\\raisebox{.6ex}{\\\\makebox[\\\\linewidth]{\\\\thepage}}
\\\\end{landscape}

\\\\pagebreak
\\\\section{\\\\uppercase{Приложение В}}

\\\\sectionbutitiscentered{Листинг кода из файла template-full.py}

\\\\fontsize{\\\\applicationcodefontsize}{\\\\applicationcodefontsize}\\\\selectfont

\\\\inputminted[baselinestretch=\\\\applicationcodelineheight]{python}{./assets/code/template-full.py}

\\\\fontsize{\\\\defaultfontsize}{\\\\defaultfontsize}\\\\selectfont
"
`;

exports[`Applications with multiple columns 1`] = `
"\\\\section{\\\\uppercase{Header}}

See application А.

\\\\section{\\\\uppercase{Applications}}

\\\\pagebreak
\\\\section{\\\\uppercase{Приложение А}}

\\\\sectionbutitiscentered{Листинг кода из файла template-full.py}

\\\\fontsize{\\\\applicationcodefontsize}{\\\\applicationcodefontsize}\\\\selectfont
\\\\begin{multicols}{2}
\\\\inputminted[baselinestretch=\\\\applicationcodelineheight]{python}{./assets/code/template-full.py}
\\\\end{multicols}
\\\\fontsize{\\\\defaultfontsize}{\\\\defaultfontsize}\\\\selectfont
"
`;

exports[`CodeSpan Monospace 1`] = `
"CodeSpan \\\\texttt{text \\\\&{} text}.
"
`;

exports[`CodeSpan Quote 1`] = `
"CodeSpan <<text \\\\&{} text>>.
"
`;

exports[`Escapes Default escapes 1`] = `
"\\\\section{\\\\uppercase{Header}}

https://testing.url/com?some=thing\\\\&{}wtf\\\\#{}xdxdxd

The \\"{}definition\\"{} increased by 1\\\\%{} (more text more text).
"
`;

exports[`References Undefined reference, should throw error 1`] = `
Array [
  Object {
    "errorType": 2,
    "filePath": "[PATH]",
    "message": "Reference with nope does not exist",
    "pos": Object {
      "end": Object {
        "absolute": 10,
        "column": 10,
        "line": 2,
      },
      "start": Object {
        "absolute": 1,
        "column": 1,
        "line": 2,
      },
    },
    "severity": "ERROR",
  },
]
`;

exports[`References Undefined reference, should throw error 2`] = `
"0
"
`;

exports[`References Unused reference, should throw error 1`] = `
Array [
  Object {
    "errorType": 2,
    "filePath": "[PATH]",
    "message": "Unused reference label ref",
    "pos": Object {
      "end": Object {
        "absolute": 75,
        "column": 2,
        "line": 4,
      },
      "start": Object {
        "absolute": 1,
        "column": 1,
        "line": 2,
      },
    },
    "severity": "WARNING",
  },
]
`;

exports[`References Unused reference, should throw error 2`] = `""`;

exports[`References with list 1`] = `
"\\\\section{\\\\uppercase{Header}}

Code from reference 1 describes image from reference 2.

\\\\section{\\\\uppercase{References}}

1.\\\\,H.\\\\,Y.~Ignat. <<Reference~2>> // Some Journal, 1867

2.\\\\,H.\\\\,Y.~Ignat. <<Reference~1>> // Some Journal, 1867
"
`;

exports[`complex latex CodeSpan dereplacement 1`] = `
"<<\\"{}sample \\\\&{} text\\"{}>>
"
`;

exports[`complex latex CodeSpan dereplacement underscore 1`] = `
"<<sample\\\\_{}text>>
"
`;

exports[`complex latex Inline latex math dereplacement 1`] = `
"$\\\\displaystyle a > b < c$
"
`;

exports[`complex latex Inline math 1`] = `
"Text $\\\\displaystyle a = b + \\\\sum_{i=0}^\\\\infty c_i$ ending.
"
`;

exports[`complex latex Table and picture key 1`] = `
"Displayed in picture 1 (1) and table 1.

\\\\setlength{\\\\intextsep}{3em}
\\\\setlength{\\\\belowcaptionskip}{-4ex}
\\\\setlength{\\\\abovecaptionskip}{0.5em}

\\\\begin{figure}[H]
    \\\\centering
    \\\\includegraphics[height=5cm]{./assets/img/example.png}
    \\\\captionsetup{justification=centering,indention=0cm,labelformat=empty,margin={0pt,0cm},font={stretch=1.5}}
    \\\\caption{Рисунок 1 -- Gray square}
\\\\end{figure}

\\\\fontsize{\\\\tablefontsize}{\\\\tablefontsize}\\\\selectfont
\\\\setlength{\\\\belowcaptionskip}{0em}
\\\\setlength{\\\\abovecaptionskip}{0em}
\\\\setlength{\\\\LTpre}{2em}
\\\\setlength{\\\\LTpost}{2em}

\\\\begin{longtable}[H]{|c|c|}
    \\\\captionsetup{justification=justified,indention=0cm,labelformat=empty, margin={2pt, 0cm},font={stretch=1.5}}
    \\\\caption{Таблица 1 -- Table}
    \\\\\\\\\\\\hline
    Key & Value\\\\\\\\ \\\\hline

    \\\\endfirsthead
    \\\\caption{Продолжение таблицы 1} \\\\\\\\\\\\hline
    Key & Value\\\\\\\\ \\\\hline

    \\\\endhead
    \\\\endfoot
    \\\\endlastfoot

Static number & 50\\\\\\\\ \\\\hline
Random number &  \\\\showcaserandomnumber \\\\\\\\ \\\\hline

\\\\end{longtable}
\\\\fontsize{\\\\defaultfontsize}{\\\\defaultfontsize}\\\\selectfont\\\\setstretch{\\\\getstretch}
"
`;

exports[`complex latex Tag <br> should put additional break 1`] = `
"The first line

The second line
"
`;

exports[`complex latex Tag <hr> should break the page 1`] = `
"The first page

\\\\pagebreak

The second page
"
`;

exports[`complex latex Text ' dereplacement 1`] = `
"Otsu's method is a one-dimensional discrete analog of Fisher's  Discriminant Analysis, is related to Jenks optimization method.
"
`;

exports[`complex latex Text with escapes ("<" should be correct also) 1`] = `
"Text with <<>assdasd.
"
`;

exports[`complex latex Text with percents 1`] = `
"Text with 10\\\\%{} number.
"
`;

exports[`latex picture after table (#52) Picture right after the table 1`] = `
Array [
  Object {
    "errorType": 2,
    "filePath": "[PATH]",
    "message": "Unused picture label gray-square",
    "pos": Object {
      "end": Object {
        "absolute": 232,
        "column": 62,
        "line": 7,
      },
      "start": Object {
        "absolute": 171,
        "column": 1,
        "line": 7,
      },
    },
    "severity": "WARNING",
  },
  Object {
    "errorType": 2,
    "filePath": "[PATH]",
    "message": "Unused table label table",
    "pos": Object {
      "end": Object {
        "absolute": 169,
        "column": 48,
        "line": 5,
      },
      "start": Object {
        "absolute": 26,
        "column": 1,
        "line": 3,
      },
    },
    "severity": "WARNING",
  },
]
`;

exports[`latex picture after table (#52) Picture right after the table 2`] = `
"\\\\fontsize{\\\\tablefontsize}{\\\\tablefontsize}\\\\selectfont
\\\\setlength{\\\\belowcaptionskip}{0em}
\\\\setlength{\\\\abovecaptionskip}{0em}
\\\\setlength{\\\\LTpre}{2em}
\\\\setlength{\\\\LTpost}{0em}

\\\\begin{longtable}[H]{|c|c|}
    \\\\captionsetup{justification=justified,indention=0cm,labelformat=empty, margin={2pt, 0cm},font={stretch=1.5}}
    \\\\caption{Таблица 1 -- Table example}
    \\\\\\\\\\\\hline
    Key & Value\\\\\\\\ \\\\hline

    \\\\endfirsthead
    \\\\caption{Продолжение таблицы 1} \\\\\\\\\\\\hline
    Key & Value\\\\\\\\ \\\\hline

    \\\\endhead
    \\\\endfoot
    \\\\endlastfoot

Static number & 50\\\\\\\\ \\\\hline

\\\\end{longtable}
\\\\fontsize{\\\\defaultfontsize}{\\\\defaultfontsize}\\\\selectfont\\\\setstretch{\\\\getstretch}

\\\\setlength{\\\\intextsep}{3em}
\\\\setlength{\\\\belowcaptionskip}{-4ex}
\\\\setlength{\\\\abovecaptionskip}{0.5em}

\\\\begin{figure}[H]
    \\\\centering
    \\\\includegraphics[height=5cm]{./assets/img/example.png}
    \\\\captionsetup{justification=centering,indention=0cm,labelformat=empty,margin={0pt,0cm},font={stretch=1.5}}
    \\\\caption{Рисунок 1 -- Gray square}
\\\\end{figure}
"
`;

exports[`latex picture after table (#52) Table + text + picture 1`] = `
Array [
  Object {
    "errorType": 2,
    "filePath": "[PATH]",
    "message": "Unused picture label gray-square",
    "pos": Object {
      "end": Object {
        "absolute": 250,
        "column": 62,
        "line": 9,
      },
      "start": Object {
        "absolute": 189,
        "column": 1,
        "line": 9,
      },
    },
    "severity": "WARNING",
  },
  Object {
    "errorType": 2,
    "filePath": "[PATH]",
    "message": "Unused table label table",
    "pos": Object {
      "end": Object {
        "absolute": 169,
        "column": 48,
        "line": 5,
      },
      "start": Object {
        "absolute": 26,
        "column": 1,
        "line": 3,
      },
    },
    "severity": "WARNING",
  },
]
`;

exports[`latex picture after table (#52) Table + text + picture 2`] = `
"\\\\fontsize{\\\\tablefontsize}{\\\\tablefontsize}\\\\selectfont
\\\\setlength{\\\\belowcaptionskip}{0em}
\\\\setlength{\\\\abovecaptionskip}{0em}
\\\\setlength{\\\\LTpre}{2em}
\\\\setlength{\\\\LTpost}{2em}

\\\\begin{longtable}[H]{|c|c|}
    \\\\captionsetup{justification=justified,indention=0cm,labelformat=empty, margin={2pt, 0cm},font={stretch=1.5}}
    \\\\caption{Таблица 1 -- Table example}
    \\\\\\\\\\\\hline
    Key & Value\\\\\\\\ \\\\hline

    \\\\endfirsthead
    \\\\caption{Продолжение таблицы 1} \\\\\\\\\\\\hline
    Key & Value\\\\\\\\ \\\\hline

    \\\\endhead
    \\\\endfoot
    \\\\endlastfoot

Static number & 50\\\\\\\\ \\\\hline

\\\\end{longtable}
\\\\fontsize{\\\\defaultfontsize}{\\\\defaultfontsize}\\\\selectfont\\\\setstretch{\\\\getstretch}

Sample text line

\\\\setlength{\\\\intextsep}{3em}
\\\\setlength{\\\\belowcaptionskip}{-4ex}
\\\\setlength{\\\\abovecaptionskip}{0.5em}

\\\\begin{figure}[H]
    \\\\centering
    \\\\includegraphics[height=5cm]{./assets/img/example.png}
    \\\\captionsetup{justification=centering,indention=0cm,labelformat=empty,margin={0pt,0cm},font={stretch=1.5}}
    \\\\caption{Рисунок 1 -- Gray square}
\\\\end{figure}
"
`;

exports[`simple md to latex docs printer Code + Code 1`] = `
"\\\\section{\\\\uppercase{Header}}

Code in 1 и 2.

\\\\setlength{\\\\intextsep}{3em}
\\\\setlength{\\\\belowcaptionskip}{-4ex}
\\\\addtolength{\\\\belowcaptionskip}{-1.6em}
\\\\setlength{\\\\abovecaptionskip}{-0.5em}

\\\\begin{figure}[H]
    \\\\fontsize{\\\\codefontsize}{\\\\codefontsize}\\\\selectfont
    \\\\begin{minted}
    [baselinestretch=1.2]{python}
def main():
    print \\"Hello World\\"
    \\\\end{minted}
    \\\\captionsetup{justification=centering,indention=0cm,labelformat=empty, margin={0pt, 0cm},font={stretch=1.5}}
    \\\\caption{Рисунок 1 -- Python Sample Code}
\\\\end{figure}

\\\\setlength{\\\\intextsep}{3em}
\\\\setlength{\\\\belowcaptionskip}{-4ex}
\\\\setlength{\\\\abovecaptionskip}{-0.5em}

\\\\begin{figure}[H]
    \\\\fontsize{\\\\codefontsize}{\\\\codefontsize}\\\\selectfont
    \\\\begin{minted}
    [baselinestretch=1.2]{python}
def hello_world():
    print \\"Hello World\\"
    \\\\end{minted}
    \\\\captionsetup{justification=centering,indention=0cm,labelformat=empty, margin={0pt, 0cm},font={stretch=1.5}}
    \\\\caption{Рисунок 2 -- Python Sample Code 2}
\\\\end{figure}
"
`;

exports[`simple md to latex docs printer Del node 1`] = `
"Test~node \\\\textit{what} hell~yeah we\\\\,ll.
"
`;

exports[`simple md to latex docs printer Header + Formula 1`] = `
"\\\\section{\\\\uppercase{Header}}

\\\\setlength{\\\\abovedisplayskip}{-0.9em}
\\\\setlength{\\\\belowdisplayskip}{0pt}
\\\\setlength{\\\\abovedisplayshortskip}{0pt}
\\\\setlength{\\\\belowdisplayshortskip}{0pt}
\\\\begin{align*}
\\\\displaystyle
    a = b + c
\\\\end{align*}
"
`;

exports[`simple md to latex docs printer Header + Image + Code + Image 1`] = `
Array [
  Object {
    "errorType": 2,
    "filePath": "[PATH]",
    "message": "Unused picture label img-1",
    "pos": Object {
      "end": Object {
        "absolute": 65,
        "column": 55,
        "line": 4,
      },
      "start": Object {
        "absolute": 11,
        "column": 1,
        "line": 4,
      },
    },
    "severity": "WARNING",
  },
  Object {
    "errorType": 2,
    "filePath": "[PATH]",
    "message": "Unused picture label code-1",
    "pos": Object {
      "end": Object {
        "absolute": 144,
        "column": 4,
        "line": 9,
      },
      "start": Object {
        "absolute": 67,
        "column": 1,
        "line": 6,
      },
    },
    "severity": "WARNING",
  },
  Object {
    "errorType": 2,
    "filePath": "[PATH]",
    "message": "Unused picture label img-2",
    "pos": Object {
      "end": Object {
        "absolute": 202,
        "column": 57,
        "line": 11,
      },
      "start": Object {
        "absolute": 146,
        "column": 1,
        "line": 11,
      },
    },
    "severity": "WARNING",
  },
]
`;

exports[`simple md to latex docs printer Header + Image + Code + Image 2`] = `
"\\\\section{\\\\uppercase{Header}}

\\\\setlength{\\\\intextsep}{3em}
\\\\setlength{\\\\belowcaptionskip}{-4ex}
\\\\addtolength{\\\\belowcaptionskip}{-1.6em}
\\\\setlength{\\\\abovecaptionskip}{0.5em}

\\\\begin{figure}[H]
    \\\\centering
    \\\\includegraphics[height=5cm]{./assets/img/dolphin.png}
    \\\\captionsetup{justification=centering,indention=0cm,labelformat=empty,margin={0pt,0cm},font={stretch=1.5}}
    \\\\caption{Рисунок 1 -- Image name}
\\\\end{figure}

\\\\setlength{\\\\intextsep}{3em}
\\\\setlength{\\\\belowcaptionskip}{-4ex}
\\\\addtolength{\\\\belowcaptionskip}{-1.6em}
\\\\setlength{\\\\abovecaptionskip}{-0.5em}

\\\\begin{figure}[H]
    \\\\fontsize{\\\\codefontsize}{\\\\codefontsize}\\\\selectfont
    \\\\begin{minted}
    [baselinestretch=1.2]{python}
def main():
    print \\"Hello World\\"
    \\\\end{minted}
    \\\\captionsetup{justification=centering,indention=0cm,labelformat=empty, margin={0pt, 0cm},font={stretch=1.5}}
    \\\\caption{Рисунок 2 -- Python Sample Code}
\\\\end{figure}

\\\\setlength{\\\\intextsep}{3em}
\\\\setlength{\\\\belowcaptionskip}{-4ex}
\\\\setlength{\\\\abovecaptionskip}{0.5em}

\\\\begin{figure}[H]
    \\\\centering
    \\\\includegraphics[height=7cm]{./assets/img/dolphin.png}
    \\\\captionsetup{justification=centering,indention=0cm,labelformat=empty,margin={0pt,0cm},font={stretch=1.5}}
    \\\\caption{Рисунок 3 -- Image name 2}
\\\\end{figure}
"
`;

exports[`simple md to latex docs printer Inline formula must be wrapped with spaces 1`] = `
"Inlined formula $\\\\displaystyle \\\\sigma^2_w(t)=\\\\omega_0(t)\\\\sigma^2_0(t)+\\\\omega_1(t)\\\\sigma^2_1(t)$ into the sentence.
"
`;

exports[`simple md to latex docs printer ListItem + Br + Text must have 2 line breaks 1`] = `
"\\\\hspace{0cm}а)\\\\,Item

New Line

\\\\hspace{0cm}б)\\\\,New Item
"
`;

exports[`simple md to latex docs printer ListItem + MathLatex must have 2 line breaks 1`] = `
"\\\\hspace{0cm}а)\\\\,Text

\\\\setlength{\\\\abovedisplayskip}{-0.9em}
\\\\setlength{\\\\belowdisplayskip}{0pt}
\\\\setlength{\\\\abovedisplayshortskip}{0pt}
\\\\setlength{\\\\belowdisplayshortskip}{0pt}
\\\\begin{align*}
\\\\displaystyle
Some text here
\\\\end{align*}
"
`;

exports[`simple md to latex docs printer Paragraph 1`] = `
"\\\\section{\\\\uppercase{Header}}

Text
"
`;

exports[`simple md to latex docs printer Subheader + List + Code Span 1`] = `
"\\\\section{\\\\uppercase{Header}}

\\\\hspace{0cm}-\\\\,A

\\\\hspace{0cm}-\\\\,B

\\\\hspace{0cm}-\\\\,C

\\\\subsection{Subheader}

\\\\hspace{0cm}а)\\\\,X

\\\\hspace{0cm}б)\\\\,Y

\\\\hspace{1.25cm}1)\\\\,T

\\\\hspace{2.5cm}-\\\\,600

\\\\hspace{2.5cm}-\\\\,700

\\\\hspace{1.25cm}2)\\\\,<<Code\\\\_{}span>>

\\\\hspace{0cm}в)\\\\,Z
"
`;

exports[`simple md to latex docs printer Table 1`] = `
"Demonstrated in table 1.

\\\\fontsize{\\\\tablefontsize}{\\\\tablefontsize}\\\\selectfont
\\\\setlength{\\\\belowcaptionskip}{0em}
\\\\setlength{\\\\abovecaptionskip}{0em}
\\\\setlength{\\\\LTpre}{2em}
\\\\setlength{\\\\LTpost}{2em}

\\\\begin{longtable}[H]{|c|c|c|c|}
    \\\\captionsetup{justification=justified,indention=0cm,labelformat=empty, margin={2pt, 0cm},font={stretch=1.5}}
    \\\\caption{Таблица 1 -- Table with content}
    \\\\\\\\\\\\hline
    a & b & c & d\\\\\\\\ \\\\hline

    \\\\endfirsthead
    \\\\caption{Продолжение таблицы 1} \\\\\\\\\\\\hline
    a & b & c & d\\\\\\\\ \\\\hline

    \\\\endhead
    \\\\endfoot
    \\\\endlastfoot

1 & 2 & 3 & 4\\\\\\\\ \\\\hline
t & r & e & z\\\\\\\\ \\\\hline

\\\\end{longtable}
\\\\fontsize{\\\\defaultfontsize}{\\\\defaultfontsize}\\\\selectfont\\\\setstretch{\\\\getstretch}
"
`;

exports[`simple md to latex docs printer bold and italic 1`] = `
"\\\\textbf{Bold}: \\\\textit{testing}
"
`;

exports[`url variants Bold url 1`] = `
"\\\\textbf{https://example.com/index\\\\_{}page.html?asd=asdasd\\\\&{}gege=gegege\\\\#{}header}
"
`;

exports[`url variants Default url 1`] = `
"https://example.com/index\\\\_{}page.html?asd=asdasd\\\\&{}gege=gegege\\\\#{}header
"
`;

exports[`url variants Italic url 1`] = `
"\\\\textit{https://example.com/index\\\\_{}page.html?asd=asdasd\\\\&{}gege=gegege\\\\#{}header}
"
`;

exports[`url variants No escape & code url 1`] = `
"\\\\texttt{https://example.com/index_page.html?asd=asdasd&asdasd=gege#header}
"
`;

exports[`url variants Underlined url 1`] = `
"\\\\underline{https://example.com/index\\\\_{}page.html?asd=asdasd\\\\&{}gege=gegege\\\\#{}header}
"
`;
